[2026-07-10 11:24:38] INFO [fitzone_audit:26] - SECURITY - Intento de registro para la cuenta: None
[2026-07-10 11:24:38] WARNING [fitzone_audit:38] - SECURITY ALERT - Registro bloqueado por reCAPTCHA inválido: None
[2026-07-10 12:05:31] INFO [fitzone_audit:26] - SECURITY - Intento de registro para la cuenta: None
[2026-07-10 12:07:30] INFO [fitzone_audit:26] - SECURITY - Intento de registro para la cuenta: None
[2026-07-10 12:14:01] INFO [fitzone_audit:26] - SECURITY - Intento de registro para la cuenta: renata@gmail.com
[2026-07-10 12:14:03] INFO [fitzone_audit:64] - AUDIT - Cuenta registrada con éxito: renata@gmail.com
[2026-07-10 12:17:52] INFO [fitzone_audit:84] - AUDIT - Inicio de sesión exitoso: renata@gmail.com
[2026-07-10 13:47:15] INFO [fitzone_audit:84] - AUDIT - Inicio de sesión exitoso: renata@gmail.com
[2026-07-10 13:55:12] INFO [fitzone_audit:84] - AUDIT - Inicio de sesión exitoso: renata@gmail.com
[2026-07-10 13:57:20] INFO [fitzone_audit:84] - AUDIT - Inicio de sesión exitoso: renata@gmail.com
[2026-07-10 13:58:19] INFO [fitzone_audit:84] - AUDIT - Inicio de sesión exitoso: renata@gmail.com
[2026-07-10 14:00:51] INFO [fitzone_audit:84] - AUDIT - Inicio de sesión exitoso: renata@gmail.com
[2026-07-10 14:01:13] INFO [fitzone_audit:84] - AUDIT - Inicio de sesión exitoso: renata@gmail.com
[2026-07-10 14:02:40] INFO [fitzone_audit:84] - AUDIT - Inicio de sesión exitoso: renata@gmail.com
[2026-07-10 14:05:55] INFO [fitzone_audit:84] - AUDIT - Inicio de sesión exitoso: renata@gmail.com
[2026-07-10 14:09:40] INFO [fitzone_audit:84] - AUDIT - Inicio de sesión exitoso: renata@gmail.com
[2026-07-10 14:14:55] INFO [fitzone_audit:84] - AUDIT - Inicio de sesión exitoso: renata@gmail.com
[2026-07-10 14:23:28] INFO [fitzone_audit:84] - AUDIT - Inicio de sesión exitoso: renata@gmail.com
[2026-07-10 14:28:11] INFO [fitzone_audit:84] - AUDIT - Inicio de sesión exitoso: renata@gmail.com
[2026-07-10 14:32:11] INFO [fitzone_audit:84] - AUDIT - Inicio de sesión exitoso: renata@gmail.com
[2026-07-10 14:51:58] INFO [fitzone_audit:84] - AUDIT - Inicio de sesión exitoso: renata@gmail.com
[2026-07-10 14:57:51] INFO [fitzone_audit:84] - AUDIT - Inicio de sesión exitoso: renata@gmail.com
[2026-07-10 15:02:52] INFO [fitzone_audit:84] - AUDIT - Inicio de sesión exitoso: renata@gmail.com
[2026-07-10 15:08:32] INFO [fitzone_audit:84] - AUDIT - Inicio de sesión exitoso: renata@gmail.com
[2026-07-10 15:08:59] INFO [fitzone_audit:84] - AUDIT - Inicio de sesión exitoso: renata@gmail.com
[2026-07-10 15:10:34] INFO [fitzone_audit:84] - AUDIT - Inicio de sesión exitoso: renata@gmail.com
[2026-07-10 15:11:42] INFO [fitzone_audit:84] - AUDIT - Inicio de sesión exitoso: renata@gmail.com
[2026-07-10 15:12:14] INFO [fitzone_audit:84] - AUDIT - Inicio de sesión exitoso: renata@gmail.com
[2026-07-10 15:16:02] INFO [fitzone_audit:84] - AUDIT - Inicio de sesión exitoso: renata@gmail.com
[2026-07-10 15:20:34] INFO [fitzone_audit:84] - AUDIT - Inicio de sesión exitoso: renata@gmail.com
[2026-07-10 18:27:26] INFO [fitzone_audit:26] - SECURITY - Intento de registro para la cuenta: dani@gmail.com
[2026-07-10 18:27:28] INFO [fitzone_audit:64] - AUDIT - Cuenta registrada con éxito: dani@gmail.com
[2026-07-10 18:27:39] INFO [fitzone_audit:84] - AUDIT - Inicio de sesión exitoso: dani@gmail.com
[2026-07-10 18:29:49] INFO [fitzone_audit:84] - AUDIT - Inicio de sesión exitoso: renata@gmail.com
